================================================================================
PNut-TS Memory Map: inline_top.spin2
Spin2_v41
Generated: 2026-02-26T05:59:49.692Z
================================================================================

=== PROGRAM SUMMARY ===

  Total Size:    56 bytes (48 code/data + 8 var bytes)
  Objects:       1
  Methods:       2

=== OBJECT HIERARCHY ===

  inline_top  (2 methods)

=== MEMORY LAYOUT ===

  Start   End      Size  Object           Instance         Overrides
  ------  ------  -----  ---------------  ---------------  ---------
  $00000  $0002C     45  inline_top       (entry)          

    CODE/DATA TOTAL:      48 bytes

  $00030  $00037      8  VAR SPACE        (runtime)      

    PROGRAM TOTAL:        56 bytes

=== OBJECT DETAILS ===

--- inline_top ---
    Location: $00000-$0002C (45 bytes)
    VAR Base: $00030
    Source:   inline_top.spin2

    Methods:
      MAIN                  Entry $00000  ($00000)
      RUNINLINE             Entry $00001  ($00001)

    VAR:
      LONG      RESULT                +$0004  ($00034)

    Inline PASM:
      ENTRY                 +$000  ($00000)
      DONE                  +$002  ($00008)

=== ADDRESS INDEX ===

  Address  Type      Object           Name
  -------  --------  ---------------  ---------------
   $00000  CODE      inline_top       (entry)
   $00000  METHOD    inline_top       MAIN
   $00001  METHOD    inline_top       RUNINLINE

  Entries: 3

=== SYMBOL INDEX ===

  Symbol                Object           Type      Location
  --------------------  ---------------  --------  ----------
  DONE                  inline_top       INLINE    +$002  ($00008)
  ENTRY                 inline_top       INLINE    +$000  ($00000)
  MAIN                  inline_top       METHOD    $00000
  RESULT                inline_top       VAR       $00034
  RUNINLINE             inline_top       METHOD    $00001

  Symbols: 5

