================================================================================
PNut-TS Memory Map: hubexec_top.spin2
Spin2_v41
Generated: 2025-12-26T21:11:23.972Z
================================================================================

=== PROGRAM SUMMARY ===

  Total Size:    72 bytes (64 code/data + 8 var bytes)
  Objects:       1
  Methods:       2

=== OBJECT HIERARCHY ===

  hubexec_top  (2 methods)

=== MEMORY LAYOUT ===

  Start   End      Size  Object           Instance         Overrides
  ------  ------  -----  ---------------  ---------------  ---------
  $00000  $0003D     62  hubexec_top      (entry)          

    CODE/DATA TOTAL:      64 bytes

  $00040  $00047      8  VAR SPACE        (runtime)      

    PROGRAM TOTAL:        72 bytes

=== OBJECT DETAILS ===

--- hubexec_top ---
    Location: $00000-$0003D (62 bytes)
    VAR Base: $00040
    Source:   hubexec_top.spin2

    Methods:
      MAIN                  Entry $00000  ($00000)
      RUNHUBCODE            Entry $00001  ($00001)

    DAT:
      LONG      HUBENTRY              +$0000C  ($0000C)
      LONG      HUBLOOP               +$00014  ($00014)
      LONG      HUBDONE               +$00018  ($00018)
      LONG      DATATABLE             +$0001C  ($0001C)

    VAR:
      LONG      RESULT                +$0004  ($00044)

=== ADDRESS INDEX ===

  Address  Type      Object           Name
  -------  --------  ---------------  ---------------
   $00000  CODE      hubexec_top      (entry)
   $00000  METHOD    hubexec_top      MAIN
   $00001  METHOD    hubexec_top      RUNHUBCODE

  Entries: 3

=== SYMBOL INDEX ===

  Symbol                Object           Type      Location
  --------------------  ---------------  --------  ----------
  DATATABLE             hubexec_top      DAT       $0001C
  HUBDONE               hubexec_top      DAT       $00018
  HUBENTRY              hubexec_top      DAT       $0000C
  HUBLOOP               hubexec_top      DAT       $00014
  MAIN                  hubexec_top      METHOD    $00000
  RESULT                hubexec_top      VAR       $00044
  RUNHUBCODE            hubexec_top      METHOD    $00001

  Symbols: 7

